2026-04-01 15:07:27  INFO      CALL  tool_assess_symptoms            call_id=eb8d2cce
2026-04-01 15:08:47  INFO      RESULT tool_assess_symptoms           call_id=eb8d2cce
2026-04-01 15:08:47  INFO      CALL  tool_get_advice                 call_id=dec3d87d
2026-04-01 15:09:08  INFO      RESULT tool_get_advice                call_id=dec3d87d
2026-04-01 15:09:22  INFO      CALL  tool_get_slots                  call_id=dc90c82c
2026-04-01 15:09:22  INFO      RESULT tool_get_slots                 call_id=dc90c82c
2026-04-01 15:15:39  INFO      CALL  tool_assess_symptoms            call_id=5aac450e
2026-04-01 15:16:55  INFO      RESULT tool_assess_symptoms           call_id=5aac450e
2026-04-01 15:16:57  INFO      CALL  tool_get_advice                 call_id=21a9b19b
2026-04-01 15:17:11  INFO      RESULT tool_get_advice                call_id=21a9b19b
2026-04-01 15:17:15  INFO      CALL  tool_get_slots                  call_id=2c5902a7
2026-04-01 15:17:15  INFO      RESULT tool_get_slots                 call_id=2c5902a7
2026-04-01 15:17:21  INFO      CALL  tool_book_slot                  call_id=a88c0392  patient=PT-12345
2026-04-01 15:17:21  INFO      RESULT tool_book_slot                 call_id=a88c0392
2026-04-01 15:29:07  INFO      CALL  tool_assess_symptoms            call_id=d58d4106
2026-04-01 15:29:30  INFO      RESULT tool_assess_symptoms           call_id=d58d4106
2026-04-01 15:31:22  INFO      CALL  tool_get_slots                  call_id=839b2637
2026-04-01 15:31:22  INFO      RESULT tool_get_slots                 call_id=839b2637
2026-04-01 15:32:22  INFO      CALL  tool_get_slots                  call_id=814897d8
2026-04-01 15:32:22  INFO      RESULT tool_get_slots                 call_id=814897d8
2026-04-01 15:46:05  INFO      CALL  tool_assess_symptoms            call_id=f1ff44b8
2026-04-01 15:46:28  INFO      RESULT tool_assess_symptoms           call_id=f1ff44b8
2026-04-01 15:47:43  INFO      CALL  tool_assess_symptoms            call_id=8f682f92
2026-04-01 15:48:06  INFO      RESULT tool_assess_symptoms           call_id=8f682f92
2026-04-01 15:49:33  INFO      CALL  tool_get_slots                  call_id=0c4b29c2
2026-04-01 15:49:33  INFO      RESULT tool_get_slots                 call_id=0c4b29c2
2026-04-01 15:50:46  INFO      CALL  tool_get_slots                  call_id=287d8b8a
2026-04-01 15:50:46  INFO      RESULT tool_get_slots                 call_id=287d8b8a
2026-04-01 15:59:14  INFO      CALL  tool_assess_symptoms            call_id=84f24a15
2026-04-01 15:59:34  INFO      RESULT tool_assess_symptoms           call_id=84f24a15
2026-04-01 16:01:15  INFO      CALL  tool_get_slots                  call_id=31aad58b
2026-04-01 16:01:15  INFO      RESULT tool_get_slots                 call_id=31aad58b
2026-04-01 16:02:18  INFO      CALL  tool_book_slot                  call_id=1840f59f  patient=PT-12354
2026-04-01 16:02:18  INFO      RESULT tool_book_slot                 call_id=1840f59f
2026-04-03 18:18:47  INFO      CALL  tool_assess_symptoms            call_id=450c1eaf
2026-04-03 18:19:14  INFO      RESULT tool_assess_symptoms           call_id=450c1eaf
2026-04-03 18:22:01  INFO      CALL  tool_assess_symptoms            call_id=4f6d7d57
2026-04-03 18:22:23  INFO      RESULT tool_assess_symptoms           call_id=4f6d7d57
2026-04-03 18:24:14  INFO      CALL  tool_assess_symptoms            call_id=7a670f9c
2026-04-03 18:24:41  INFO      RESULT tool_assess_symptoms           call_id=7a670f9c
2026-04-03 18:26:00  INFO      CALL  tool_get_slots                  call_id=f55bc252
2026-04-03 18:26:00  INFO      RESULT tool_get_slots                 call_id=f55bc252
2026-04-03 18:32:15  INFO      CALL  tool_assess_symptoms            call_id=ae320f72
2026-04-03 18:32:40  INFO      RESULT tool_assess_symptoms           call_id=ae320f72
2026-04-03 18:34:06  INFO      CALL  tool_assess_symptoms            call_id=456fb2d1
2026-04-03 18:34:34  INFO      RESULT tool_assess_symptoms           call_id=456fb2d1
2026-04-03 18:36:34  INFO      CALL  tool_get_slots                  call_id=79ffd1ec
2026-04-03 18:36:34  INFO      RESULT tool_get_slots                 call_id=79ffd1ec
2026-04-03 18:47:02  INFO      CALL  tool_assess_symptoms            call_id=6541d134
2026-04-03 18:47:25  INFO      RESULT tool_assess_symptoms           call_id=6541d134
2026-04-03 18:52:34  INFO      CALL  tool_assess_symptoms            call_id=7cd60746
2026-04-03 18:52:57  INFO      RESULT tool_assess_symptoms           call_id=7cd60746
2026-04-03 18:54:24  INFO      CALL  tool_get_slots                  call_id=58b7799f
2026-04-03 18:54:24  INFO      RESULT tool_get_slots                 call_id=58b7799f
2026-04-03 18:57:34  INFO      CALL  tool_book_slot                  call_id=1501fe16  patient=PT-12345
2026-04-03 18:57:34  INFO      RESULT tool_book_slot                 call_id=1501fe16
2026-04-03 19:09:39  INFO      CALL  tool_assess_symptoms            call_id=1def61be
2026-04-03 19:10:04  INFO      RESULT tool_assess_symptoms           call_id=1def61be
2026-04-03 19:12:01  INFO      CALL  tool_assess_symptoms            call_id=bd7cbc69
2026-04-03 19:12:23  INFO      RESULT tool_assess_symptoms           call_id=bd7cbc69
2026-04-03 19:17:57  INFO      CALL  tool_get_slots                  call_id=776bab29
2026-04-03 19:17:57  INFO      RESULT tool_get_slots                 call_id=776bab29
2026-04-03 21:31:45  INFO      CALL  tool_assess_symptoms            call_id=a25667a4
2026-04-03 21:32:02  INFO      RESULT tool_assess_symptoms           call_id=a25667a4
2026-04-03 21:34:14  INFO      CALL  tool_assess_symptoms            call_id=c782b236
2026-04-03 21:34:43  INFO      RESULT tool_assess_symptoms           call_id=c782b236
2026-04-03 21:38:04  INFO      CALL  tool_get_slots                  call_id=65a1bfbe
2026-04-03 21:38:04  INFO      RESULT tool_get_slots                 call_id=65a1bfbe
2026-04-04 09:30:22  INFO      CALL  tool_assess_symptoms            call_id=126608e0
2026-04-04 09:30:42  INFO      RESULT tool_assess_symptoms           call_id=126608e0
2026-04-04 09:34:37  INFO      CALL  tool_assess_symptoms            call_id=9d951a4b
2026-04-04 09:35:11  INFO      RESULT tool_assess_symptoms           call_id=9d951a4b
2026-04-04 09:39:46  INFO      CALL  tool_assess_symptoms            call_id=9b47a347
2026-04-04 09:40:03  INFO      RESULT tool_assess_symptoms           call_id=9b47a347
2026-04-04 11:02:52  INFO      CALL  tool_assess_symptoms            call_id=4000fde1
2026-04-04 11:02:55  INFO      RESULT tool_assess_symptoms           call_id=4000fde1
2026-04-04 11:03:47  INFO      CALL  tool_get_slots                  call_id=629df465
2026-04-04 11:03:47  INFO      RESULT tool_get_slots                 call_id=629df465
2026-04-04 11:04:31  INFO      CALL  tool_book_slot                  call_id=54449186  user=USER-PT-00005  patient=PT-00005
2026-04-04 11:04:31  INFO      RESULT tool_book_slot                 call_id=54449186
2026-04-04 11:05:20  INFO      CALL  tool_book_slot                  call_id=45b3c6aa  user=USER-PT-00005  patient=PT-00005
2026-04-04 11:05:20  INFO      RESULT tool_book_slot                 call_id=45b3c6aa
2026-04-04 11:16:36  INFO      CALL  tool_assess_symptoms            call_id=eb2b6ebe
2026-04-04 11:16:41  INFO      RESULT tool_assess_symptoms           call_id=eb2b6ebe
2026-04-04 11:22:59  INFO      CALL  tool_assess_symptoms            call_id=accc48e5
2026-04-04 11:23:02  INFO      RESULT tool_assess_symptoms           call_id=accc48e5
2026-04-04 11:23:07  INFO      CALL  tool_get_slots                  call_id=238abaa3
2026-04-04 11:23:07  INFO      RESULT tool_get_slots                 call_id=238abaa3
2026-04-04 11:25:05  INFO      CALL  tool_assess_symptoms            call_id=85b20087
2026-04-04 11:25:07  INFO      RESULT tool_assess_symptoms           call_id=85b20087
2026-04-04 11:25:12  INFO      CALL  tool_assess_symptoms            call_id=f7862923
2026-04-04 11:25:14  INFO      RESULT tool_assess_symptoms           call_id=f7862923
2026-04-04 11:25:19  INFO      CALL  tool_get_slots                  call_id=9ccc6185
2026-04-04 11:25:19  INFO      RESULT tool_get_slots                 call_id=9ccc6185
2026-04-04 11:31:17  INFO      CALL  tool_assess_symptoms            call_id=ee56e97c
2026-04-04 11:31:19  INFO      RESULT tool_assess_symptoms           call_id=ee56e97c
2026-04-04 11:31:24  INFO      CALL  tool_get_slots                  call_id=152792d4
2026-04-04 11:31:24  INFO      RESULT tool_get_slots                 call_id=152792d4
2026-04-04 11:36:20  INFO      CALL  tool_assess_symptoms            call_id=38c35ac9
2026-04-04 11:36:22  INFO      RESULT tool_assess_symptoms           call_id=38c35ac9
2026-04-04 11:40:33  INFO      CALL  tool_assess_symptoms            call_id=ee38eb7b
2026-04-04 11:40:35  INFO      RESULT tool_assess_symptoms           call_id=ee38eb7b
2026-04-04 11:54:00  INFO      CALL  tool_assess_symptoms            call_id=134c3229
2026-04-04 11:54:03  INFO      RESULT tool_assess_symptoms           call_id=134c3229
2026-04-04 11:54:52  INFO      CALL  tool_get_slots                  call_id=a04cc3df
2026-04-04 11:54:52  INFO      RESULT tool_get_slots                 call_id=a04cc3df
2026-04-04 12:08:43  INFO      CALL  tool_assess_symptoms            call_id=f8bab9f7
2026-04-04 12:08:46  INFO      RESULT tool_assess_symptoms           call_id=f8bab9f7
2026-04-04 12:08:51  INFO      CALL  tool_get_slots                  call_id=14ffcdf5
2026-04-04 12:08:51  INFO      RESULT tool_get_slots                 call_id=14ffcdf5
2026-04-04 12:09:35  INFO      CALL  tool_book_slot                  call_id=072b1a06  user=USER-PT-00214  patient=PT-00214
2026-04-04 12:09:35  INFO      RESULT tool_book_slot                 call_id=072b1a06
2026-04-04 12:11:02  INFO      CALL  tool_assess_symptoms            call_id=d534dab5
2026-04-04 12:11:04  INFO      RESULT tool_assess_symptoms           call_id=d534dab5
2026-04-04 12:12:42  INFO      CALL  tool_get_slots                  call_id=fffaf0ee
2026-04-04 12:12:42  INFO      RESULT tool_get_slots                 call_id=fffaf0ee
2026-04-04 12:13:08  INFO      CALL  tool_book_slot                  call_id=e8f8325d  user=USER-PT-00234  patient=PT-00234
2026-04-04 12:13:08  INFO      RESULT tool_book_slot                 call_id=e8f8325d
